0000                 ;    1 ;  ORIGINAL TINY BASIC INTERMEDIATE INTERPRETER
0000                 ;    2 ;
0000                 ;    3 ;  EXECUTIVE INITIALIZATION
0000                 ;    4 ;
0000 243A91          ;    5 :STRT PC ":\x11"        ;COLON, X-ON ctrl-Q
0003                 ;    6 
0003 27              ;    7       GL
0004 10              ;    8       SB
0005 E1              ;+   9       BE L0           ;BRANCH IF NOT EMPTY
0006 59              ;+  10       BR STRT         ;TRY AGAIN IF NULL LINE
0007 C5              ;+  11 :L0   BN STMT         ;TEST FOR LINE NUMBER
0008 2A              ;   12       IL              ;IF SO, INSERT INTO PROGRAM
0009 56              ;+  13       BR STRT         ;GO GET NEXT
000A 10              ;   14 :XEC  SB              ;SAVE POINTERS FOR RUN WITH
000B 11              ;   15       RB              ;CONCATENATED INPUT
000C 2C              ;   16       XQ
000D                 ;   17 ;
000D                 ;   18 ;  STATEMENT EXECUTOR
000D                 ;   19 ;
000D 8B4C45D4        ;+  20 :STMT BC GOTO "LET"
0011                 ;   21 
0011 A0              ;+  22       BV *            ;MUST BE A VARIABLE NAME
0012 80BD            ;+  23       BC * "="
0014 30BC            ;+  24 :LET  JS EXPR         ;GO GET EXPRESSION
0016 E0              ;+  25       BE *            ;IF STATEMENT END,
0017 13              ;   26       SV              ;STORE RESULT
0018 1D              ;   27       NX
0019                 ;   28 ;
0019 9447CF          ;+  29 :GOTO BC PRNT "GO"
001C                 ;   30 
001C 8854CF          ;+  31       BC GOSB "TO"
001F                 ;   32 
001F 30BC            ;+  33       JS EXPR         ;GET LINE NUMBER
0021 E0              ;+  34       BE *
0022 10              ;   35       SB              ;(DO THIS FOR STARTING)
0023 11              ;   36       RB
0024 16              ;   37       GO              ;GO THERE
0025                 ;   38 ;
0025 805355C2        ;+  39 :GOSB BC * "SUB"      ;NO OTHER WORD BEGINS "GO..."
0029                 ;   40 
0029 30BC            ;+  41       JS EXPR
002B E0              ;+  42       BE *
002C 14              ;   43       GS
002D 16              ;   44       GO
002E                 ;   45 ;
002E 9050D2          ;+  46 :PRNT BC SKIP "PR"
0031                 ;   47 
0031 83494ED4        ;+  48       BC P0 "INT"     ;OPTIONALLY OMIT "INT"
0035                 ;   49 
0035 E5              ;+  50 :P0   BE P3
0036 71              ;+  51       BR P6           ;IF DONE, GO TO END
0037 88BB            ;+  52 :P1   BC P4 ";"
0039 E1              ;+  53 :P2   BE P3
003A 1D              ;   54       NX              ;No CRLF
003B 8FA2            ;+  55 :P3   BC P7 '"'
003D 21              ;   56       PQ              ;QUOTE MARKS STRING
003E 58              ;+  57       BR P1           ;GO CHECK DELIMITER
003F 6F              ;+  58 :SKIP BR IF           ;(ON THE WAY THRU)
0040 83AC            ;+  59 :P4   BC P5 ","
0042 22              ;   60       PT              ;COMMA SPACING
0043 55              ;+  61       BR P2
0044 83BA            ;+  62 :P5   BC P6 ":"
0046 2493            ;   63       PC "\x13"       ;OUTPUT X-OFF ctrl-S
0048 E0              ;+  64 :P6   BE *
0049 23              ;   65       NL              ;THEN CRLF
004A 1D              ;   66       NX
004B 30BC            ;+  67 :P7   JS EXPR         ;TRY FOR AN EXPRESSION
004D 20              ;   68       PN
004E 48              ;+  69       BR P1
004F                 ;   70 ;
004F 9149C6          ;+  71 :IF   BC INPT "IF"
0052                 ;   72 
0052 30BC            ;+  73       JS EXPR
0054 3134            ;+  74       JS RELO
0056 30BC            ;+  75       JS EXPR
0058 84544845CE      ;+  76       BC I1 "THEN"    ;OPTIONAL NOISEWORD
005D                 ;   77 
005D 1C              ;   78 :I1   CP              ;COMPARE SKIPS NEXT IF TRUE
005E 1D              ;   79       NX              ;FALSE.
005F 380D            ;+  80       J STMT          ;TRUE. GO PROCESS STATEMENT
0061                 ;   81 ;
0061 9A494E5055D4    ;+  82 :INPT BC RETN "INPUT"
0067                 ;   83 
0067 A0              ;+  84 :I2   BV *            ;GET VARIABLE
0068 10              ;   85       SB              ;SWAP POINTERS
0069 E7              ;+  86       BE I4
006A 243F2091        ;   87 :I3   PC "? \x11"       LINE IS EMPTY TYPE PROMPT
006E                 ;   88 
006E 27              ;   89       GL              ;READ INPUT LINE
006F E1              ;+  90       BE I4           ;DID ANYTHING COME?
0070 59              ;+  91       BR I3           ;NO, TRY AGAIN
0071 81AC            ;+  92 :I4   BC I5 ","       ;OPTIONAL COMMA
0073 30BC            ;+  93 :I5   JS EXPR         ;READ A NUMBER
0075 13              ;   94       SV              ;STORE INTO VARIABLE
0076 11              ;   95       RB              ;SWAP BACK
0077 82AC            ;+  96       BC I6 ","       ;ANOTHER?
0079 4D              ;+  97       BR I2           ;YES IF COMMA
007A E0              ;+  98 :I6   BE *            ;OTHERWISE QUIT
007B 1D              ;   99       NX
007C                 ;  100 ;
007C 895245545552CE  ;+ 101 :RETN BC END "RETURN"
0083                 ;  102 
0083 E0              ;+ 103       BE *
0084 15              ;  104       RS              ;RECOVER SAVED LINE
0085 1D              ;  105       NX
0086                 ;  106 ;
0086 85454EC4        ;+ 107 :END  BC LIST "END"
008A                 ;  108 
008A E0              ;+ 109       BE *
008B 2D              ;  110       WS
008C                 ;  111 ;
008C 984C4953D4      ;+ 112 :LIST BC RUN "LIST"
0091                 ;  113 
0091 EC              ;+ 114       BE L2
0092 24000000000A80  ;  115 :L1   PC "\0\0\0\0\n\0" ;PUNCH LEADER @^@^@^@^J^@^
0099                 ;  116 
0099 1F              ;  117       LS              ;LIST
009A 2493            ;  118       PC "\x13"       ;PUNCH X-OFF
009C 23              ;  119       NL
009D 1D              ;  120       NX
009E 30BC            ;+ 121 :L2   JS EXPR         ;GET A LINE NUMBER
00A0 E1              ;+ 122       BE L3
00A1 50              ;+ 123       BR L1
00A2 80AC            ;+ 124 :L3   BC * ","        ;SEPARATED BY COMMAS
00A4 59              ;+ 125       BR L2
00A5                 ;  126 ;
00A5 855255CE        ;+ 127 :RUN  BC CLER "RUN"
00A9                 ;  128 
00A9 380A            ;+ 129       J XEC
00AB                 ;  130 ;
00AB 86434C4541D2    ;+ 131 :CLER BC REM "CLEAR"
00B1                 ;  132 
00B1 2B              ;  133       MT
00B2                 ;  134 ;
00B2 845245CD        ;+ 135 :REM  BC DFLT "REM"
00B6                 ;  136 
00B6 1D              ;  137       NX
00B7                 ;  138 ;
00B7 A0              ;+ 139 :DFLT BV *            ;NO KEYWORD...
00B8 80BD            ;+ 140       BC * "="        ;TRY FOR LET
00BA 3814            ;+ 141       J LET           ;IT'S A GOOD BET.
00BC                 ;  142 ;
00BC                 ;  143 ;  SUBROUTINES
00BC                 ;  144 ;
00BC 85AD            ;+ 145 :EXPR BC E0 "-"       ;TRY FOR UNARY MINUS
00BE 30D3            ;+ 146       JS TERM         ;AHA
00C0 17              ;  147       NE
00C1 64              ;+ 148       BR E1
00C2 81AB            ;+ 149 :E0   BC E4 "+"       ;IGNORE UNARY PLUS
00C4 30D3            ;+ 150 :E4   JS TERM
00C6 85AB            ;+ 151 :E1   BC E2 "+"       ;TERMS SEPARATED BY PLUS
00C8 30D3            ;+ 152       JS TERM
00CA 18              ;  153       AD
00CB 5A              ;+ 154       BR E1
00CC 85AD            ;+ 155 :E2   BC E3 "-"       ;TERMS SEPARATED BY MINUS
00CE 30D3            ;+ 156       JS TERM
00D0 19              ;  157       SU
00D1 54              ;+ 158       BR E1
00D2 2F              ;  159 :E3   RT
00D3                 ;  160 ;
00D3 30E2            ;+ 161 :TERM JS FACT
00D5 85AA            ;+ 162 :T0   BC T1 "*"       ;FACTORS SEPARATED BY TIMES
00D7 30E2            ;+ 163       JS FACT
00D9 1A              ;  164       MP
00DA 5A              ;+ 165       BR T0
00DB 85AF            ;+ 166 :T1   BC T2 "/"       ;FACTORS SEPARATED BY DIVIDE
00DD 30E2            ;+ 167       JS  FACT
00DF 1B              ;  168       DV
00E0 54              ;+ 169       BR T0
00E1 2F              ;  170 :T2   RT
00E2                 ;  171 ;
00E2 97524EC4        ;+ 172 :FACT BC F0 "RND"     ;*RND FUNCTION*
00E6                 ;  173 
00E6 0A8080          ;  174       LN 257*128      ;STACK POINTER FOR STORE
00E9                 ;  175 
00E9 12              ;  176       FV              ;THEN GET RNDM
00EA 0A0929          ;  177       LN 2345         ;R:=R*2345+6789
00ED                 ;  178 
00ED 1A              ;  179       MP
00EE 0A1A85          ;  180       LN 6789
00F1                 ;  181 
00F1 18              ;  182       AD
00F2 13              ;  183       SV
00F3 0980            ;  184       LB 128          ;GET IT AGAIN
00F5 12              ;  185       FV
00F6 0B              ;  186       DS
00F7 3130            ;+ 187       JS FUNC         ;GET ARGUMENT
00F9 61              ;+ 188       BR F1
00FA 73              ;+ 189 :F0   BR F2           ;(SKIPPING)
00FB 0B              ;  190 :F1   DS
00FC 02              ;  191       SX 2            ;PUSH TOP INTO STACK
00FD 04              ;  192       SX 4
00FE 02              ;  193       SX 2
00FF 03              ;  194       SX 3
0100 05              ;  195       SX 5
0101 03              ;  196       SX 3
0102 1B              ;  197       DV              ;PERFORM MOD FUNCTION
0103 1A              ;  198       MP
0104 19              ;  199       SU
0105 0B              ;  200       DS              ;PERFORM ABS FUNCTION
0106 0906            ;  201       LB 6
0108 0A0000          ;  202       LN 0
010B                 ;  203 
010B 1C              ;  204       CP              ;(SKIP IF + OR 0)
010C 17              ;  205       NE
010D 2F              ;  206       RT
010E 8F5553D2        ;+ 207 :F2   BC F3 "USR"     ;*USR FUNCTION*
0112                 ;  208 
0112 80A8            ;+ 209       BC * "("        ;3 ARGUMENTS POSSIBLE
0114 30BC            ;+ 210       JS EXPR         ;ONE REQUIRED
0116 312A            ;+ 211       JS ARG
0118 312A            ;+ 212       JS ARG
011A 80A9            ;+ 213       BC * ")"
011C 2E              ;  214       US              ;GO DO IT
011D 2F              ;  215       RT
011E A2              ;+ 216 :F3   BV F4           ;VARIABLE?
011F 12              ;  217       FV              ;YES.  GET IT
0120 2F              ;  218       RT
0121 C1              ;+ 219 :F4   BN F5           ;NUMBER?
0122 2F              ;  220       RT              ;GOT IT.
0123 80A8            ;+ 221 :F5   BC * "("        ;OTHERWISE MUST BE (EXPR)
0125 30BC            ;+ 222 :F6   JS EXPR
0127 80A9            ;+ 223       BC * ")"
0129 2F              ;  224       RT
012A                 ;  225 ;
012A 83AC            ;+ 226 :ARG  BC A0 ","        ;COMMA?
012C 38BC            ;+ 227       J  EXPR          ;YES, GET EXPRESSION
012E 0B              ;  228 :A0   DS               ;NO, DUPLICATE STACK TOP
012F 2F              ;  229       RT
0130                 ;  230 ;
0130 80A8            ;+ 231 :FUNC BC * "("
0132 52              ;+ 232       BR F6
0133 2F              ;  233       RT
0134                 ;  234 ;
0134 84BD            ;+ 235 :RELO BC R0 "="        ;CONVERT RELATION OPERATORS
0136 0902            ;  236       LB 2             ;TO CODE BYTE ON STACK
0138 2F              ;  237       RT               ;=
0139 8EBC            ;+ 238 :R0   BC R4 "<"
013B 84BD            ;+ 239       BC R1 "="
013D 0903            ;  240       LB 3             ;<=
013F 2F              ;  241       RT
0140 84BE            ;+ 242 :R1   BC R3 ">"
0142 0905            ;  243       LB 5             ;<>
0144 2F              ;  244       RT
0145 0901            ;  245 :R3   LB 1             ;<
0147 2F              ;  246       RT
0148 80BE            ;+ 247 :R4   BC * ">"
014A 84BD            ;+ 248       BC R5 "="
014C 0906            ;  249       LB 6             ;>=
014E 2F              ;  250       RT
014F 84BC            ;+ 251 :R5   BC R6 "<"
0151 0905            ;  252       LB 5             ;><
0153 2F              ;  253       RT
0154 0904            ;  254 :R6   LB 4             ;>
0156 2F              ;  255       RT
0157                 ;  256 ;
0157 0000            ;  257       LIT 0            ;end of program needs to be integer 0
